LINE 1
BEAM1
BEAM2
EVENT: 1 2 1
VERTEX: 0.000000000000000 0.000000000000000 0.000000000000000 0.000000000000000 1 0 0 2
TRACK:  6 -1.598948640467723 0.033416298954470 13.415743207823063 1 0 0 13
TRACK:  5 1.640701564349167 -0.008248002313730 4.793417561095905 1 1 0 -13
EVENT: 2 2 1
VERTEX: 0.000000000000000 0.000000000000000 0.000000000000000 0.000000000000000 1 0 0 2
TRACK:  5 0.593378556269361 1.591866911710912 3.823168378650379 2 0 0 -13
TRACK:  6 -0.624176320170180 -1.631672515957542 1.592260839700794 2 1 0 13
EVENT: 3 2 1
VERTEX: 0.000000000000000 0.000000000000000 0.000000000000000 0.000000000000000 1 0 0 2
TRACK:  6 0.871338030574085 1.108029737527809 -0.693976308084161 3 0 0 13
TRACK:  5 -0.946268129763459 -1.094245786026177 -5.021136327764046 3 1 0 -13
EVENT: 4 2 1
VERTEX: 0.000000000000000 0.000000000000000 0.000000000000000 0.000000000000000 1 0 0 2
TRACK:  5 -1.369539633076605 -0.805095967123468 -5.520369634991908 4 0 0 -13
TRACK:  6 1.461354429438702 0.804356182911943 -1.832246407971382 4 1 0 13
EVENT: 5 2 1
VERTEX: 0.000000000000000 0.000000000000000 0.000000000000000 0.000000000000000 1 0 0 2
TRACK:  5 0.018625595985615 -0.353444014409749 5.527006349825551 5 0 0 -13
TRACK:  6 -0.077521208355250 0.361251715451906 -0.539759232448135 5 1 0 13
EVENT: 6 2 1
VERTEX: 0.000000000000000 0.000000000000000 0.000000000000000 0.000000000000000 1 0 0 2
TRACK:  6 -1.490284558648286 -0.974925767140784 -8.681150067924030 6 0 0 13
TRACK:  5 1.499097728883332 0.998511367124778 -5.422955885574595 6 1 0 -13
EVENT: 7 2 1
VERTEX: 0.000000000000000 0.000000000000000 0.000000000000000 0.000000000000000 1 0 0 2
TRACK:  5 -1.603298273467363 0.641435325184201 3.663359010956674 7 0 0 -13
TRACK:  6 1.610149935147068 -0.681238094451347 1.584696614277511 7 1 0 13
EVENT: 8 2 1
VERTEX: 0.000000000000000 0.000000000000000 0.000000000000000 0.000000000000000 1 0 0 2
TRACK:  6 -0.453230916030149 -0.012065155225829 2.348026518471384 8 0 0 13
TRACK:  5 0.442060715139990 0.014007180000279 -1.350397454524368 8 1 0 -13
EVENT: 9 2 1
VERTEX: 0.000000000000000 0.000000000000000 0.000000000000000 0.000000000000000 1 0 0 2
TRACK:  5 -1.601877577105287 0.828690056510870 15.246058376293497 9 0 0 -13
TRACK:  6 1.603283190158195 -0.835678046445222 10.321685181189771 9 1 0 13
